******************************************************************************
                  TI ARM Linker Unix v18.12.7                  
******************************************************************************
>> Linked Thu Jun 11 07:38:14 2026

OUTPUT FILE NAME:   <f91_kepler_app.out>
ENTRY POINT SYMBOL: "ResetISR"  address: 00011b71


MEMORY CONFIGURATION

         name            origin    length      used     unused   attr    fill
----------------------  --------  ---------  --------  --------  ----  --------
  FLASH                 00000000   0001f000  000191bc  00005e44  R  X
  FLASH_LAST_PAGE       0001f000   00001000  00000058  00000fa8  R  X
  SRAM                  20000000   00004400  00003f68  00000498  RW X


SEGMENT ALLOCATION MAP

run origin  load origin   length   init length attrs members
----------  ----------- ---------- ----------- ----- -------
00000000    00000000    0000003c   0000003c    r--
  00000000    00000000    0000003c   0000003c    r-- .resetVecs
00000000    00000000    00000400   00000000    rw-
  00000000    00000000    00000400   00000000    rw- .stack
0000003c    0000003c    00017d28   00017d28    r-x
  0000003c    0000003c    00000fc4   00000fc4    r-x .text.1
  00001000    00001000    00000028   00000028    r-- .const:ti_sysbios_heaps_HeapMem_Module__FXNS__C
  00001028    00001028    00000024   00000024    r-- .const:ti_sysbios_gates_GateHwi_Module__FXNS__C
  0000104c    0000104c    00000024   00000024    r-- .const:ti_sysbios_gates_GateMutex_Module__FXNS__C
  00001070    00001070    00000020   00000020    r-- .const:ti_sysbios_family_arm_m3_Hwi_Object__DESC__C
  00001090    00001090    00000020   00000020    r-- .const:ti_sysbios_gates_GateHwi_Object__DESC__C
  000010b0    000010b0    00000020   00000020    r-- .const:ti_sysbios_gates_GateMutex_Object__DESC__C
  000010d0    000010d0    00000020   00000020    r-- .const:ti_sysbios_hal_Hwi_Object__DESC__C
  000010f0    000010f0    00000020   00000020    r-- .const:ti_sysbios_heaps_HeapMem_Object__DESC__C
  00001110    00001110    00000020   00000020    r-- .const:ti_sysbios_knl_Clock_Object__DESC__C
  00001130    00001130    00000020   00000020    r-- .const:ti_sysbios_knl_Event_Object__DESC__C
  00001150    00001150    00000020   00000020    r-- .const:ti_sysbios_knl_Mailbox_Object__DESC__C
  00001170    00001170    00000020   00000020    r-- .const:ti_sysbios_knl_Queue_Object__DESC__C
  00001190    00001190    00000020   00000020    r-- .const:ti_sysbios_knl_Semaphore_Object__DESC__C
  000011b0    000011b0    00000020   00000020    r-- .const:ti_sysbios_knl_Swi_Object__DESC__C
  000011d0    000011d0    00000020   00000020    r-- .const:ti_sysbios_knl_Task_Object__DESC__C
  000011f0    000011f0    00000008   00000008    r-- .const:ti_sysbios_knl_Idle_funcList__C
  000011f8    000011f8    00000004   00000004    r-- .const:ti_sysbios_family_arm_cc26xx_Timer_startupNeeded__C
  000011fc    000011fc    00000004   00000004    r-- .const:ti_sysbios_family_arm_m3_Hwi_E_alreadyDefined__C
  00001200    00001200    00000004   00000004    r-- .const:ti_sysbios_family_arm_m3_Hwi_E_hwiLimitExceeded__C
  00001204    00001204    00000004   00000004    r-- .const:ti_sysbios_family_arm_m3_Hwi_NUM_INTERRUPTS__C
  00001208    00001208    00000004   00000004    r-- .const:ti_sysbios_family_arm_m3_Hwi_Object__count__C
  0000120c    0000120c    00000004   00000004    r-- .const:ti_sysbios_family_arm_m3_Hwi_Object__table__C
  00001210    00001210    00000004   00000004    r-- .const:ti_sysbios_family_arm_m3_Hwi_ccr__C
  00001214    00001214    00000004   00000004    r-- .const:ti_sysbios_family_arm_m3_Hwi_excHandlerFunc__C
  00001218    00001218    00000004   00000004    r-- .const:ti_sysbios_family_arm_m3_Hwi_nullIsrFunc__C
  0000121c    0000121c    00000004   00000004    r-- .const:ti_sysbios_family_arm_m3_Hwi_numSparseInterrupts__C
  00001220    00001220    00000004   00000004    r-- .const:ti_sysbios_family_arm_m3_Hwi_priGroup__C
  00001224    00001224    00000004   00000004    r-- .const:ti_sysbios_family_arm_m3_TaskSupport_stackAlignment__C
  00001228    00001228    00000004   00000004    r-- .const:ti_sysbios_heaps_HeapMem_E_memory__C
  0000122c    0000122c    00000004   00000004    r-- .const:ti_sysbios_heaps_HeapMem_Module__gateObj__C
  00001230    00001230    00000004   00000004    r-- .const:ti_sysbios_heaps_HeapMem_Object__count__C
  00001234    00001234    00000004   00000004    r-- .const:ti_sysbios_heaps_HeapMem_Object__table__C
  00001238    00001238    00000004   00000004    r-- .const:ti_sysbios_heaps_HeapMem_reqAlign__C
  0000123c    0000123c    00000004   00000004    r-- .const:ti_sysbios_knl_Clock_triggerClock__C
  00001240    00001240    00000004   00000004    r-- .const:ti_sysbios_knl_Mailbox_Object__count__C
  00001244    00001244    00000004   00000004    r-- .const:ti_sysbios_knl_Mailbox_Object__table__C
  00001248    00001248    00000004   00000004    r-- .const:ti_sysbios_knl_Mailbox_maxTypeAlign__C
  0000124c    0000124c    00000004   00000004    r-- .const:ti_sysbios_knl_Queue_Object__count__C
  00001250    00001250    00000004   00000004    r-- .const:ti_sysbios_knl_Queue_Object__table__C
  00001254    00001254    00000004   00000004    r-- .const:ti_sysbios_knl_Semaphore_eventPost__C
  00001258    00001258    00000004   00000004    r-- .const:ti_sysbios_knl_Semaphore_eventSync__C
  0000125c    0000125c    00000004   00000004    r-- .const:ti_sysbios_knl_Swi_Object__count__C
  00001260    00001260    00000004   00000004    r-- .const:ti_sysbios_knl_Swi_Object__table__C
  00001264    00001264    00000004   00000004    r-- .const:ti_sysbios_knl_Swi_numPriorities__C
  00001268    00001268    00000004   00000004    r-- .const:ti_sysbios_knl_Task_Object__count__C
  0000126c    0000126c    00000004   00000004    r-- .const:ti_sysbios_knl_Task_Object__table__C
  00001270    00001270    00000004   00000004    r-- .const:ti_sysbios_knl_Task_allBlockedFunc__C
  00001274    00001274    00000004   00000004    r-- .const:ti_sysbios_knl_Task_defaultStackHeap__C
  00001278    00001278    00000004   00000004    r-- .const:ti_sysbios_knl_Task_defaultStackSize__C
  0000127c    0000127c    00000004   00000004    r-- .const:ti_sysbios_knl_Task_numConstructedTasks__C
  00001280    00001280    00000002   00000002    r-- .const:ti_sysbios_family_arm_cc26xx_Timer_Module__id__C
  00001282    00001282    00000002   00000002    r-- .const:ti_sysbios_family_arm_cc26xx_TimestampProvider_useClockTimer__C
  00001284    00001284    00000002   00000002    r-- .const:ti_sysbios_family_arm_m3_Hwi_Module__id__C
  00001286    00001286    00000002   00000002    r-- .const:ti_sysbios_gates_GateHwi_Module__id__C
  00001288    00001288    00000002   00000002    r-- .const:ti_sysbios_gates_GateMutex_Module__id__C
  0000128a    0000128a    00000002   00000002    r-- .const:ti_sysbios_heaps_HeapMem_Module__id__C
  0000128c    0000128c    00000002   00000002    r-- .const:ti_sysbios_knl_Task_initStackFlag__C
  0000128e    0000128e    00000001   00000001    r-- .const:ti_sysbios_knl_Clock_tickMode__C
  00001290    00001290    00000008   00000008    r-- .const:xdc_runtime_Startup_firstFxns__C
  00001298    00001298    00000008   00000008    r-- .const:xdc_runtime_Startup_lastFxns__C
  000012a0    000012a0    00000004   00000004    r-- .const:xdc_runtime_Assert_E_assertFailed__C
  000012a4    000012a4    00000004   00000004    r-- .const:xdc_runtime_Error_E_memory__C
  000012a8    000012a8    00000004   00000004    r-- .const:xdc_runtime_Error_policyFxn__C
  000012ac    000012ac    00000004   00000004    r-- .const:xdc_runtime_Error_raiseHook__C
  000012b0    000012b0    00000004   00000004    r-- .const:xdc_runtime_IGateProvider_Interface__BASE__C
  000012b4    000012b4    00000004   00000004    r-- .const:xdc_runtime_IHeap_Interface__BASE__C
  000012b8    000012b8    00000004   00000004    r-- .const:xdc_runtime_IModule_Interface__BASE__C
  000012bc    000012bc    00000004   00000004    r-- .const:xdc_runtime_Memory_defaultHeapInstance__C
  000012c0    000012c0    00000004   00000004    r-- .const:xdc_runtime_Startup_execImpl__C
  000012c4    000012c4    00000004   00000004    r-- .const:xdc_runtime_Startup_maxPasses__C
  000012c8    000012c8    00000004   00000004    r-- .const:xdc_runtime_Startup_sfxnRts__C
  000012cc    000012cc    00000004   00000004    r-- .const:xdc_runtime_Startup_sfxnTab__C
  000012d0    000012d0    00000004   00000004    r-- .const:xdc_runtime_Startup_startModsFxn__C
  000012d4    000012d4    00000004   00000004    r-- .const:xdc_runtime_SysCallback_abortFxn__C
  000012d8    000012d8    00000004   00000004    r-- .const:xdc_runtime_SysCallback_exitFxn__C
  000012dc    000012dc    00000004   00000004    r-- .const:xdc_runtime_System_abortFxn__C
  000012e0    000012e0    00000004   00000004    r-- .const:xdc_runtime_System_exitFxn__C
  000012e4    000012e4    00000004   00000004    r-- .const:xdc_runtime_System_maxAtexitHandlers__C
  000012e8    000012e8    00000004   00000004    r-- .const:xdc_runtime_Text_charTab__C
  000012ec    000012ec    00000004   00000004    r-- .const:xdc_runtime_Text_nameEmpty__C
  000012f0    000012f0    00000004   00000004    r-- .const:xdc_runtime_Text_nameStatic__C
  000012f4    000012f4    00000004   00000004    r-- .const:xdc_runtime_Text_nameUnknown__C
  000012f8    000012f8    00000002   00000002    r-- .const:xdc_runtime_Error_maxDepth__C
  000012fa    000012fa    00000002   00000002    r-- .const:xdc_runtime_Memory_Module__id__C
  000012fc    000012fc    00000002   00000002    r-- .const:xdc_runtime_Text_charCnt__C
  000012fe    000012fe    00000002   00000002    r-- .const:xdc_runtime_Text_isLoaded__C
  00001300    00001300    00000001   00000001    r-- .const:xdc_runtime_Error_policy__C
  00001304    00001304    00000004   00000004    r-- .const:ti_sysbios_rom_ROM_ti_sysbios_family_arm_cc26xx_Timer_getCount64__E
  00001308    00001308    00000004   00000004    r-- .const:ti_sysbios_rom_ROM_ti_sysbios_family_arm_cc26xx_Timer_getCurrentTick__E
  0000130c    0000130c    00000004   00000004    r-- .const:ti_sysbios_rom_ROM_ti_sysbios_family_arm_cc26xx_Timer_getMaxTicks__E
  00001310    00001310    00000004   00000004    r-- .const:ti_sysbios_rom_ROM_ti_sysbios_family_arm_cc26xx_Timer_initDevice__I
  00001314    00001314    00000004   00000004    r-- .const:ti_sysbios_rom_ROM_ti_sysbios_family_arm_cc26xx_Timer_setNextTick__E
  00001318    00001318    00000004   00000004    r-- .const:ti_sysbios_rom_ROM_ti_sysbios_family_arm_cc26xx_Timer_setThreshold__I
  0000131c    0000131c    00000004   00000004    r-- .const:ti_sysbios_rom_ROM_ti_sysbios_family_arm_cc26xx_Timer_start__E
  00001320    00001320    00000004   00000004    r-- .const:ti_sysbios_rom_ROM_ti_sysbios_family_arm_cc26xx_TimestampProvider_get32__E
  00001324    00001324    00000004   00000004    r-- .const:ti_sysbios_rom_ROM_xdc_runtime_Startup_getState__I
  00001328    00001328    00000004   00000004    r-- .const:ti_sysbios_rom_ROM_xdc_runtime_System_SupportProxy_abort__E
  0000132c    0000132c    00000004   00000004    r-- .const:ti_sysbios_rom_ROM_xdc_runtime_System_SupportProxy_exit__E
  00001330    00001330    0001450c   0001450c    r-x .text.2
  0001583c    0001583c    00002484   00002484    r-- .const
  00017cc0    00017cc0    000000a4   000000a4    r-- .rodata
00017d68    00017d68    0000045c   0000045c    r--
  00017d68    00017d68    0000045c   0000045c    r-- .cinit
0001e000    0001e000    00001000   00001000    r--
  0001e000    0001e000    00001000   00001000    r-- .snvSectors
0001ffa8    0001ffa8    00000058   00000058    r--
  0001ffa8    0001ffa8    00000058   00000058    r-- .ccfg
20000100    20000100    00000106   00000000    rw-
  20000100    20000100    00000044   00000000    rw- .data:ti_sysbios_knl_Task_Module__state__V
  20000144    20000144    00000034   00000000    rw- .data:ti_sysbios_family_arm_m3_Hwi_Module__state__V
  20000178    20000178    0000002c   00000000    rw- .data:ti_sysbios_knl_Clock_Module__state__V
  200001a4    200001a4    00000024   00000000    rw- .data:ti_sysbios_BIOS_Module__state__V
  200001c8    200001c8    0000001c   00000000    rw- .data:ti_sysbios_knl_Swi_Module__state__V
  200001e4    200001e4    00000008   00000000    rw- .data:ti_sysbios_family_arm_cc26xx_Timer_Module__state__V
  200001ec    200001ec    00000004   00000000    rw- .data:ti_sysbios_family_arm_cc26xx_TimestampProvider_Module__state__V
  200001f0    200001f0    00000008   00000000    rw- .data:xdc_runtime_Startup_Module__state__V
  200001f8    200001f8    00000008   00000000    rw- .data:xdc_runtime_System_Module__state__V
  20000200    20000200    00000004   00000000    rw- .data:xdc_runtime_Memory_Module__state__V
  20000204    20000204    00000002   00000000    rw- .data:xdc_runtime_Error_Module__state__V
20000430    20000430    00000010   00000000    rw-
  20000430    20000430    00000010   00000000    rw- .TI.bound:dmaSpi0RxControlTableEntry
20000440    20000440    00000010   00000000    rw-
  20000440    20000440    00000010   00000000    rw- .TI.bound:dmaSpi0TxControlTableEntry
20000500    20000500    00000010   00000000    rw-
  20000500    20000500    00000010   00000000    rw- .TI.bound:dmaSpi1RxControlTableEntry
20000510    20000510    00003d6a   00000000    rw-
  20000510    20000510    00000010   00000000    rw- .TI.bound:dmaSpi1TxControlTableEntry
  20000520    20000520    000019c1   00000000    rw- .data
  20001ee8    20001ee8    00002392   00000000    rw- .bss


SECTION ALLOCATION MAP

 output                                  attributes/
section   page    origin      length       input sections
--------  ----  ----------  ----------   ----------------
.stack     0    00000000    00000400     FAILED TO ALLOCATE
.const:ti_sysbios_heaps_HeapMem_Module__FXNS__C 
*          0    00001000    00000028     
                  00001000    00000028     app_ble_pem3.oem3 (.const:ti_sysbios_heaps_HeapMem_Module__FXNS__C)

.const:ti_sysbios_gates_GateHwi_Module__FXNS__C 
*          0    00001028    00000024     
                  00001028    00000024     app_ble_pem3.oem3 (.const:ti_sysbios_gates_GateHwi_Module__FXNS__C)

.const:ti_sysbios_gates_GateMutex_Module__FXNS__C 
*          0    0000104c    00000024     
                  0000104c    00000024     app_ble_pem3.oem3 (.const:ti_sysbios_gates_GateMutex_Module__FXNS__C)

.const:ti_sysbios_family_arm_m3_Hwi_Object__DESC__C 
*          0    00001070    00000020     
                  00001070    00000020     app_ble_pem3.oem3 (.const:ti_sysbios_family_arm_m3_Hwi_Object__DESC__C)

.const:ti_sysbios_gates_GateHwi_Object__DESC__C 
*          0    00001090    00000020     
                  00001090    00000020     app_ble_pem3.oem3 (.const:ti_sysbios_gates_GateHwi_Object__DESC__C)

.const:ti_sysbios_gates_GateMutex_Object__DESC__C 
*          0    000010b0    00000020     
                  000010b0    00000020     app_ble_pem3.oem3 (.const:ti_sysbios_gates_GateMutex_Object__DESC__C)

.const:ti_sysbios_hal_Hwi_Object__DESC__C 
*          0    000010d0    00000020     
                  000010d0    00000020     app_ble_pem3.oem3 (.const:ti_sysbios_hal_Hwi_Object__DESC__C)

.const:ti_sysbios_heaps_HeapMem_Object__DESC__C 
*          0    000010f0    00000020     
                  000010f0    00000020     app_ble_pem3.oem3 (.const:ti_sysbios_heaps_HeapMem_Object__DESC__C)

.const:ti_sysbios_knl_Clock_Object__DESC__C 
*          0    00001110    00000020     
                  00001110    00000020     app_ble_pem3.oem3 (.const:ti_sysbios_knl_Clock_Object__DESC__C)

.const:ti_sysbios_knl_Event_Object__DESC__C 
*          0    00001130    00000020     
                  00001130    00000020     app_ble_pem3.oem3 (.const:ti_sysbios_knl_Event_Object__DESC__C)

.const:ti_sysbios_knl_Mailbox_Object__DESC__C 
*          0    00001150    00000020     
                  00001150    00000020     app_ble_pem3.oem3 (.const:ti_sysbios_knl_Mailbox_Object__DESC__C)

.const:ti_sysbios_knl_Queue_Object__DESC__C 
*          0    00001170    00000020     
                  00001170    00000020     app_ble_pem3.oem3 (.const:ti_sysbios_knl_Queue_Object__DESC__C)

.const:ti_sysbios_knl_Semaphore_Object__DESC__C 
*          0    00001190    00000020     
                  00001190    00000020     app_ble_pem3.oem3 (.const:ti_sysbios_knl_Semaphore_Object__DESC__C)

.const:ti_sysbios_knl_Swi_Object__DESC__C 
*          0    000011b0    00000020     
                  000011b0    00000020     app_ble_pem3.oem3 (.const:ti_sysbios_knl_Swi_Object__DESC__C)

.const:ti_sysbios_knl_Task_Object__DESC__C 
*          0    000011d0    00000020     
                  000011d0    00000020     app_ble_pem3.oem3 (.const:ti_sysbios_knl_Task_Object__DESC__C)

.const:ti_sysbios_knl_Idle_funcList__C 
*          0    000011f0    00000008     
                  000011f0    00000008     app_ble_pem3.oem3 (.const:ti_sysbios_knl_Idle_funcList__C)

.const:ti_sysbios_family_arm_cc26xx_Timer_startupNeeded__C 
*          0    000011f8    00000004     
                  000011f8    00000004     app_ble_pem3.oem3 (.const:ti_sysbios_family_arm_cc26xx_Timer_startupNeeded__C)

.const:ti_sysbios_family_arm_m3_Hwi_E_alreadyDefined__C 
*          0    000011fc    00000004     
                  000011fc    00000004     app_ble_pem3.oem3 (.const:ti_sysbios_family_arm_m3_Hwi_E_alreadyDefined__C)

.const:ti_sysbios_family_arm_m3_Hwi_E_hwiLimitExceeded__C 
*          0    00001200    00000004     
                  00001200    00000004     app_ble_pem3.oem3 (.const:ti_sysbios_family_arm_m3_Hwi_E_hwiLimitExceeded__C)

.const:ti_sysbios_family_arm_m3_Hwi_NUM_INTERRUPTS__C 
*          0    00001204    00000004     
                  00001204    00000004     app_ble_pem3.oem3 (.const:ti_sysbios_family_arm_m3_Hwi_NUM_INTERRUPTS__C)

.const:ti_sysbios_family_arm_m3_Hwi_Object__count__C 
*          0    00001208    00000004     
                  00001208    00000004     app_ble_pem3.oem3 (.const:ti_sysbios_family_arm_m3_Hwi_Object__count__C)

.const:ti_sysbios_family_arm_m3_Hwi_Object__table__C 
*          0    0000120c    00000004     
                  0000120c    00000004     app_ble_pem3.oem3 (.const:ti_sysbios_family_arm_m3_Hwi_Object__table__C)

.const:ti_sysbios_family_arm_m3_Hwi_ccr__C 
*          0    00001210    00000004     
                  00001210    00000004     app_ble_pem3.oem3 (.const:ti_sysbios_family_arm_m3_Hwi_ccr__C)

.const:ti_sysbios_family_arm_m3_Hwi_excHandlerFunc__C 
*          0    00001214    00000004     
                  00001214    00000004     app_ble_pem3.oem3 (.const:ti_sysbios_family_arm_m3_Hwi_excHandlerFunc__C)

.const:ti_sysbios_family_arm_m3_Hwi_nullIsrFunc__C 
*          0    00001218    00000004     
                  00001218    00000004     app_ble_pem3.oem3 (.const:ti_sysbios_family_arm_m3_Hwi_nullIsrFunc__C)

.const:ti_sysbios_family_arm_m3_Hwi_numSparseInterrupts__C 
*          0    0000121c    00000004     
                  0000121c    00000004     app_ble_pem3.oem3 (.const:ti_sysbios_family_arm_m3_Hwi_numSparseInterrupts__C)

.const:ti_sysbios_family_arm_m3_Hwi_priGroup__C 
*          0    00001220    00000004     
                  00001220    00000004     app_ble_pem3.oem3 (.const:ti_sysbios_family_arm_m3_Hwi_priGroup__C)

.const:ti_sysbios_family_arm_m3_TaskSupport_stackAlignment__C 
*          0    00001224    00000004     
                  00001224    00000004     app_ble_pem3.oem3 (.const:ti_sysbios_family_arm_m3_TaskSupport_stackAlignment__C)

.const:ti_sysbios_heaps_HeapMem_E_memory__C 
*          0    00001228    00000004     
                  00001228    00000004     app_ble_pem3.oem3 (.const:ti_sysbios_heaps_HeapMem_E_memory__C)

.const:ti_sysbios_heaps_HeapMem_Module__gateObj__C 
*          0    0000122c    00000004     
                  0000122c    00000004     app_ble_pem3.oem3 (.const:ti_sysbios_heaps_HeapMem_Module__gateObj__C)

.const:ti_sysbios_heaps_HeapMem_Object__count__C 
*          0    00001230    00000004     
                  00001230    00000004     app_ble_pem3.oem3 (.const:ti_sysbios_heaps_HeapMem_Object__count__C)

.const:ti_sysbios_heaps_HeapMem_Object__table__C 
*          0    00001234    00000004     
                  00001234    00000004     app_ble_pem3.oem3 (.const:ti_sysbios_heaps_HeapMem_Object__table__C)

.const:ti_sysbios_heaps_HeapMem_reqAlign__C 
*          0    00001238    00000004     
                  00001238    00000004     app_ble_pem3.oem3 (.const:ti_sysbios_heaps_HeapMem_reqAlign__C)

.const:ti_sysbios_knl_Clock_triggerClock__C 
*          0    0000123c    00000004     
                  0000123c    00000004     app_ble_pem3.oem3 (.const:ti_sysbios_knl_Clock_triggerClock__C)

.const:ti_sysbios_knl_Mailbox_Object__count__C 
*          0    00001240    00000004     
                  00001240    00000004     app_ble_pem3.oem3 (.const:ti_sysbios_knl_Mailbox_Object__count__C)

.const:ti_sysbios_knl_Mailbox_Object__table__C 
*          0    00001244    00000004     
                  00001244    00000004     app_ble_pem3.oem3 (.const:ti_sysbios_knl_Mailbox_Object__table__C)

.const:ti_sysbios_knl_Mailbox_maxTypeAlign__C 
*          0    00001248    00000004     
                  00001248    00000004     app_ble_pem3.oem3 (.const:ti_sysbios_knl_Mailbox_maxTypeAlign__C)

.const:ti_sysbios_knl_Queue_Object__count__C 
*          0    0000124c    00000004     
                  0000124c    00000004     app_ble_pem3.oem3 (.const:ti_sysbios_knl_Queue_Object__count__C)

.const:ti_sysbios_knl_Queue_Object__table__C 
*          0    00001250    00000004     
                  00001250    00000004     app_ble_pem3.oem3 (.const:ti_sysbios_knl_Queue_Object__table__C)

.const:ti_sysbios_knl_Semaphore_eventPost__C 
*          0    00001254    00000004     
                  00001254    00000004     app_ble_pem3.oem3 (.const:ti_sysbios_knl_Semaphore_eventPost__C)

.const:ti_sysbios_knl_Semaphore_eventSync__C 
*          0    00001258    00000004     
                  00001258    00000004     app_ble_pem3.oem3 (.const:ti_sysbios_knl_Semaphore_eventSync__C)

.const:ti_sysbios_knl_Swi_Object__count__C 
*          0    0000125c    00000004     
                  0000125c    00000004     app_ble_pem3.oem3 (.const:ti_sysbios_knl_Swi_Object__count__C)

.const:ti_sysbios_knl_Swi_Object__table__C 
*          0    00001260    00000004     
                  00001260    00000004     app_ble_pem3.oem3 (.const:ti_sysbios_knl_Swi_Object__table__C)

.const:ti_sysbios_knl_Swi_numPriorities__C 
*          0    00001264    00000004     
                  00001264    00000004     app_ble_pem3.oem3 (.const:ti_sysbios_knl_Swi_numPriorities__C)

.const:ti_sysbios_knl_Task_Object__count__C 
*          0    00001268    00000004     
                  00001268    00000004     app_ble_pem3.oem3 (.const:ti_sysbios_knl_Task_Object__count__C)

.const:ti_sysbios_knl_Task_Object__table__C 
*          0    0000126c    00000004     
                  0000126c    00000004     app_ble_pem3.oem3 (.const:ti_sysbios_knl_Task_Object__table__C)

.const:ti_sysbios_knl_Task_allBlockedFunc__C 
*          0    00001270    00000004     
                  00001270    00000004     app_ble_pem3.oem3 (.const:ti_sysbios_knl_Task_allBlockedFunc__C)

.const:ti_sysbios_knl_Task_defaultStackHeap__C 
*          0    00001274    00000004     
                  00001274    00000004     app_ble_pem3.oem3 (.const:ti_sysbios_knl_Task_defaultStackHeap__C)

.const:ti_sysbios_knl_Task_defaultStackSize__C 
*          0    00001278    00000004     
                  00001278    00000004     app_ble_pem3.oem3 (.const:ti_sysbios_knl_Task_defaultStackSize__C)

.const:ti_sysbios_knl_Task_numConstructedTasks__C 
*          0    0000127c    00000004     
                  0000127c    00000004     app_ble_pem3.oem3 (.const:ti_sysbios_knl_Task_numConstructedTasks__C)

.const:ti_sysbios_family_arm_cc26xx_Timer_Module__id__C 
*          0    00001280    00000002     
                  00001280    00000002     app_ble_pem3.oem3 (.const:ti_sysbios_family_arm_cc26xx_Timer_Module__id__C)

.const:ti_sysbios_family_arm_cc26xx_TimestampProvider_useClockTimer__C 
*          0    00001282    00000002     
                  00001282    00000002     app_ble_pem3.oem3 (.const:ti_sysbios_family_arm_cc26xx_TimestampProvider_useClockTimer__C)

.const:ti_sysbios_family_arm_m3_Hwi_Module__id__C 
*          0    00001284    00000002     
                  00001284    00000002     app_ble_pem3.oem3 (.const:ti_sysbios_family_arm_m3_Hwi_Module__id__C)

.const:ti_sysbios_gates_GateHwi_Module__id__C 
*          0    00001286    00000002     
                  00001286    00000002     app_ble_pem3.oem3 (.const:ti_sysbios_gates_GateHwi_Module__id__C)

.const:ti_sysbios_gates_GateMutex_Module__id__C 
*          0    00001288    00000002     
                  00001288    00000002     app_ble_pem3.oem3 (.const:ti_sysbios_gates_GateMutex_Module__id__C)

.const:ti_sysbios_heaps_HeapMem_Module__id__C 
*          0    0000128a    00000002     
                  0000128a    00000002     app_ble_pem3.oem3 (.const:ti_sysbios_heaps_HeapMem_Module__id__C)

.const:ti_sysbios_knl_Task_initStackFlag__C 
*          0    0000128c    00000002     
                  0000128c    00000002     app_ble_pem3.oem3 (.const:ti_sysbios_knl_Task_initStackFlag__C)

.const:ti_sysbios_knl_Clock_tickMode__C 
*          0    0000128e    00000001     
                  0000128e    00000001     app_ble_pem3.oem3 (.const:ti_sysbios_knl_Clock_tickMode__C)

.const:xdc_runtime_Startup_firstFxns__C 
*          0    00001290    00000008     
                  00001290    00000008     app_ble_pem3.oem3 (.const:xdc_runtime_Startup_firstFxns__C)

.const:xdc_runtime_Startup_lastFxns__C 
*          0    00001298    00000008     
                  00001298    00000008     app_ble_pem3.oem3 (.const:xdc_runtime_Startup_lastFxns__C)

.const:xdc_runtime_Assert_E_assertFailed__C 
*          0    000012a0    00000004     
                  000012a0    00000004     app_ble_pem3.oem3 (.const:xdc_runtime_Assert_E_assertFailed__C)

.const:xdc_runtime_Error_E_memory__C 
*          0    000012a4    00000004     
                  000012a4    00000004     app_ble_pem3.oem3 (.const:xdc_runtime_Error_E_memory__C)

.const:xdc_runtime_Error_policyFxn__C 
*          0    000012a8    00000004     
                  000012a8    00000004     app_ble_pem3.oem3 (.const:xdc_runtime_Error_policyFxn__C)

.const:xdc_runtime_Error_raiseHook__C 
*          0    000012ac    00000004     
                  000012ac    00000004     app_ble_pem3.oem3 (.const:xdc_runtime_Error_raiseHook__C)

.const:xdc_runtime_IGateProvider_Interface__BASE__C 
*          0    000012b0    00000004     
                  000012b0    00000004     app_ble_pem3.oem3 (.const:xdc_runtime_IGateProvider_Interface__BASE__C)

.const:xdc_runtime_IHeap_Interface__BASE__C 
*          0    000012b4    00000004     
                  000012b4    00000004     app_ble_pem3.oem3 (.const:xdc_runtime_IHeap_Interface__BASE__C)

.const:xdc_runtime_IModule_Interface__BASE__C 
*          0    000012b8    00000004     
                  000012b8    00000004     app_ble_pem3.oem3 (.const:xdc_runtime_IModule_Interface__BASE__C)

.const:xdc_runtime_Memory_defaultHeapInstance__C 
*          0    000012bc    00000004     
                  000012bc    00000004     app_ble_pem3.oem3 (.const:xdc_runtime_Memory_defaultHeapInstance__C)

.const:xdc_runtime_Startup_execImpl__C 
*          0    000012c0    00000004     
                  000012c0    00000004     app_ble_pem3.oem3 (.const:xdc_runtime_Startup_execImpl__C)

.const:xdc_runtime_Startup_maxPasses__C 
*          0    000012c4    00000004     
                  000012c4    00000004     app_ble_pem3.oem3 (.const:xdc_runtime_Startup_maxPasses__C)

.const:xdc_runtime_Startup_sfxnRts__C 
*          0    000012c8    00000004     
                  000012c8    00000004     app_ble_pem3.oem3 (.const:xdc_runtime_Startup_sfxnRts__C)

.const:xdc_runtime_Startup_sfxnTab__C 
*          0    000012cc    00000004     
                  000012cc    00000004     app_ble_pem3.oem3 (.const:xdc_runtime_Startup_sfxnTab__C)

.const:xdc_runtime_Startup_startModsFxn__C 
*          0    000012d0    00000004     
                  000012d0    00000004     app_ble_pem3.oem3 (.const:xdc_runtime_Startup_startModsFxn__C)

.const:xdc_runtime_SysCallback_abortFxn__C 
*          0    000012d4    00000004     
                  000012d4    00000004     app_ble_pem3.oem3 (.const:xdc_runtime_SysCallback_abortFxn__C)

.const:xdc_runtime_SysCallback_exitFxn__C 
*          0    000012d8    00000004     
                  000012d8    00000004     app_ble_pem3.oem3 (.const:xdc_runtime_SysCallback_exitFxn__C)

.const:xdc_runtime_System_abortFxn__C 
*          0    000012dc    00000004     
                  000012dc    00000004     app_ble_pem3.oem3 (.const:xdc_runtime_System_abortFxn__C)

.const:xdc_runtime_System_exitFxn__C 
*          0    000012e0    00000004     
                  000012e0    00000004     app_ble_pem3.oem3 (.const:xdc_runtime_System_exitFxn__C)

.const:xdc_runtime_System_maxAtexitHandlers__C 
*          0    000012e4    00000004     
                  000012e4    00000004     app_ble_pem3.oem3 (.const:xdc_runtime_System_maxAtexitHandlers__C)

.const:xdc_runtime_Text_charTab__C 
*          0    000012e8    00000004     
                  000012e8    00000004     app_ble_pem3.oem3 (.const:xdc_runtime_Text_charTab__C)

.const:xdc_runtime_Text_nameEmpty__C 
*          0    000012ec    00000004     
                  000012ec    00000004     app_ble_pem3.oem3 (.const:xdc_runtime_Text_nameEmpty__C)

.const:xdc_runtime_Text_nameStatic__C 
*          0    000012f0    00000004     
                  000012f0    00000004     app_ble_pem3.oem3 (.const:xdc_runtime_Text_nameStatic__C)

.const:xdc_runtime_Text_nameUnknown__C 
*          0    000012f4    00000004     
                  000012f4    00000004     app_ble_pem3.oem3 (.const:xdc_runtime_Text_nameUnknown__C)

.const:xdc_runtime_Error_maxDepth__C 
*          0    000012f8    00000002     
                  000012f8    00000002     app_ble_pem3.oem3 (.const:xdc_runtime_Error_maxDepth__C)

.const:xdc_runtime_Memory_Module__id__C 
*          0    000012fa    00000002     
                  000012fa    00000002     app_ble_pem3.oem3 (.const:xdc_runtime_Memory_Module__id__C)

.const:xdc_runtime_Text_charCnt__C 
*          0    000012fc    00000002     
                  000012fc    00000002     app_ble_pem3.oem3 (.const:xdc_runtime_Text_charCnt__C)

.const:xdc_runtime_Text_isLoaded__C 
*          0    000012fe    00000002     
                  000012fe    00000002     app_ble_pem3.oem3 (.const:xdc_runtime_Text_isLoaded__C)

.const:xdc_runtime_Error_policy__C 
*          0    00001300    00000001     
                  00001300    00000001     app_ble_pem3.oem3 (.const:xdc_runtime_Error_policy__C)

.const:ti_sysbios_rom_ROM_ti_sysbios_family_arm_cc26xx_Timer_getCount64__E 
*          0    00001304    00000004     
                  00001304    00000004     app_ble_pem3.oem3 (.const:ti_sysbios_rom_ROM_ti_sysbios_family_arm_cc26xx_Timer_getCount64__E)

.const:ti_sysbios_rom_ROM_ti_sysbios_family_arm_cc26xx_Timer_getCurrentTick__E 
*          0    00001308    00000004     
                  00001308    00000004     app_ble_pem3.oem3 (.const:ti_sysbios_rom_ROM_ti_sysbios_family_arm_cc26xx_Timer_getCurrentTick__E)

.const:ti_sysbios_rom_ROM_ti_sysbios_family_arm_cc26xx_Timer_getMaxTicks__E 
*          0    0000130c    00000004     
                  0000130c    00000004     app_ble_pem3.oem3 (.const:ti_sysbios_rom_ROM_ti_sysbios_family_arm_cc26xx_Timer_getMaxTicks__E)

.const:ti_sysbios_rom_ROM_ti_sysbios_family_arm_cc26xx_Timer_initDevice__I 
*          0    00001310    00000004     
                  00001310    00000004     app_ble_pem3.oem3 (.const:ti_sysbios_rom_ROM_ti_sysbios_family_arm_cc26xx_Timer_initDevice__I)

.const:ti_sysbios_rom_ROM_ti_sysbios_family_arm_cc26xx_Timer_setNextTick__E 
*          0    00001314    00000004     
                  00001314    00000004     app_ble_pem3.oem3 (.const:ti_sysbios_rom_ROM_ti_sysbios_family_arm_cc26xx_Timer_setNextTick__E)

.const:ti_sysbios_rom_ROM_ti_sysbios_family_arm_cc26xx_Timer_setThreshold__I 
*          0    00001318    00000004     
                  00001318    00000004     app_ble_pem3.oem3 (.const:ti_sysbios_rom_ROM_ti_sysbios_family_arm_cc26xx_Timer_setThreshold__I)

.const:ti_sysbios_rom_ROM_ti_sysbios_family_arm_cc26xx_Timer_start__E 
*          0    0000131c    00000004     
                  0000131c    00000004     app_ble_pem3.oem3 (.const:ti_sysbios_rom_ROM_ti_sysbios_family_arm_cc26xx_Timer_start__E)

.const:ti_sysbios_rom_ROM_ti_sysbios_family_arm_cc26xx_TimestampProvider_get32__E 
*          0    00001320    00000004     
                  00001320    00000004     app_ble_pem3.oem3 (.const:ti_sysbios_rom_ROM_ti_sysbios_family_arm_cc26xx_TimestampProvider_get32__E)

.const:ti_sysbios_rom_ROM_xdc_runtime_Startup_getState__I 
*          0    00001324    00000004     
                  00001324    00000004     app_ble_pem3.oem3 (.const:ti_sysbios_rom_ROM_xdc_runtime_Startup_getState__I)

.const:ti_sysbios_rom_ROM_xdc_runtime_System_SupportProxy_abort__E 
*          0    00001328    00000004     
                  00001328    00000004     app_ble_pem3.oem3 (.const:ti_sysbios_rom_ROM_xdc_runtime_System_SupportProxy_abort__E)

.const:ti_sysbios_rom_ROM_xdc_runtime_System_SupportProxy_exit__E 
*          0    0000132c    00000004     
                  0000132c    00000004     app_ble_pem3.oem3 (.const:ti_sysbios_rom_ROM_xdc_runtime_System_SupportProxy_exit__E)

.data:ti_sysbios_knl_Task_Module__state__V 
*          0    20000100    00000044     UNINITIALIZED
                  20000100    00000044     app_ble_pem3.oem3 (.data:ti_sysbios_knl_Task_Module__state__V)

.data:ti_sysbios_family_arm_m3_Hwi_Module__state__V 
*          0    20000144    00000034     UNINITIALIZED
                  20000144    00000034     app_ble_pem3.oem3 (.data:ti_sysbios_family_arm_m3_Hwi_Module__state__V)

.data:ti_sysbios_knl_Clock_Module__state__V 
*          0    20000178    0000002c     UNINITIALIZED
                  20000178    0000002c     app_ble_pem3.oem3 (.data:ti_sysbios_knl_Clock_Module__state__V)

.data:ti_sysbios_BIOS_Module__state__V 
*          0    200001a4    00000024     UNINITIALIZED
                  200001a4    00000024     app_ble_pem3.oem3 (.data:ti_sysbios_BIOS_Module__state__V)

.data:ti_sysbios_knl_Swi_Module__state__V 
*          0    200001c8    0000001c     UNINITIALIZED
                  200001c8    0000001c     app_ble_pem3.oem3 (.data:ti_sysbios_knl_Swi_Module__state__V)

.data:ti_sysbios_family_arm_cc26xx_Timer_Module__state__V 
*          0    200001e4    00000008     UNINITIALIZED
                  200001e4    00000008     app_ble_pem3.oem3 (.data:ti_sysbios_family_arm_cc26xx_Timer_Module__state__V)

.data:ti_sysbios_family_arm_cc26xx_TimestampProvider_Module__state__V 
*          0    200001ec    00000004     UNINITIALIZED
                  200001ec    00000004     app_ble_pem3.oem3 (.data:ti_sysbios_family_arm_cc26xx_TimestampProvider_Module__state__V)

.data:xdc_runtime_Startup_Module__state__V 
*          0    200001f0    00000008     UNINITIALIZED
                  200001f0    00000008     app_ble_pem3.oem3 (.data:xdc_runtime_Startup_Module__state__V)

.data:xdc_runtime_System_Module__state__V 
*          0    200001f8    00000008     UNINITIALIZED
                  200001f8    00000008     app_ble_pem3.oem3 (.data:xdc_runtime_System_Module__state__V)

.data:xdc_runtime_Memory_Module__state__V 
*          0    20000200    00000004     UNINITIALIZED
                  20000200    00000004     app_ble_pem3.oem3 (.data:xdc_runtime_Memory_Module__state__V)

.data:xdc_runtime_Error_Module__state__V 
*          0    20000204    00000002     UNINITIALIZED
                  20000204    00000002     app_ble_pem3.oem3 (.data:xdc_runtime_Error_Module__state__V)

.bootVecs 
*          0    00000000    00000008     DSECT
                  00000000    00000008     boot.aem3 : boot.oem3 (.bootVecs)

.resetVecs 
*          0    00000000    0000003c     
                  00000000    0000003c     app_ble_pem3.oem3 (.resetVecs)

.vecs      0    20000000    000000c8     NOLOAD SECTION
                  20000000    000000c8     app_ble_pem3.oem3 (.vecs)

xdc.meta   0    00000000    00000109     COPY SECTION
                  00000000    00000109     app_ble_pem3.oem3 (xdc.meta)

xdc.noload 
*          0    00000000    00000000     COPY SECTION

.cinit     0    00017d68    0000045c     
                  00017d68    00000322     (.cinit..data.load) [load image, compression = lzss]
                  0001808a    00000017     (.cinit..data:ti_sysbios_BIOS_Module__state__V.load) [load image, compression = lzss]
                  000180a1    00000014     (.cinit..data:ti_sysbios_knl_Task_Module__state__V.load) [load image, compression = lzss]
                  000180b5    0000000e     (.cinit..data:ti_sysbios_family_arm_m3_Hwi_Module__state__V.load) [load image, compression = lzss]
                  000180c3    0000000d     (.cinit..data:ti_sysbios_knl_Clock_Module__state__V.load) [load image, compression = lzss]
                  000180d0    0000000c     (__TI_handler_table)
                  000180dc    00000009     (.cinit..data:ti_sysbios_knl_Swi_Module__state__V.load) [load image, compression = lzss]
                  000180e5    00000003     --HOLE-- [fill = 0]
                  000180e8    00000008     (.cinit..TI.bound:dmaSpi0RxControlTableEntry.load) [load image, compression = zero_init]
                  000180f0    00000008     (.cinit..TI.bound:dmaSpi0TxControlTableEntry.load) [load image, compression = zero_init]
                  000180f8    00000008     (.cinit..TI.bound:dmaSpi1RxControlTableEntry.load) [load image, compression = zero_init]
                  00018100    00000008     (.cinit..TI.bound:dmaSpi1TxControlTableEntry.load) [load image, compression = zero_init]
                  00018108    00000008     (.cinit..bss.load) [load image, compression = zero_init]
                  00018110    00000008     (.cinit..data:xdc_runtime_Memory_Module__state__V.load) [load image, compression = lzss]
                  00018118    00000007     (.cinit..data:ti_sysbios_family_arm_cc26xx_Timer_Module__state__V.load) [load image, compression = lzss]
                  0001811f    00000007     (.cinit..data:ti_sysbios_family_arm_cc26xx_TimestampProvider_Module__state__V.load) [load image, compression = lzss]
                  00018126    00000007     (.cinit..data:xdc_runtime_Startup_Module__state__V.load) [load image, compression = lzss]
                  0001812d    00000007     (.cinit..data:xdc_runtime_System_Module__state__V.load) [load image, compression = lzss]
                  00018134    00000006     (.cinit..data:xdc_runtime_Error_Module__state__V.load) [load image, compression = lzss]
                  0001813a    00000002     --HOLE-- [fill = 0]
                  0001813c    00000088     (__TI_cinit_table)

.init_array 
*          0    00000000    00000000     UNINITIALIZED

.snvSectors 
*          0    0001e000    00001000     
                  0001e000    00001000     f91_kepler_stack_library.lib : osal_snv_wrapper.obj (.snvSectors:retain)

.ccfg      0    0001ffa8    00000058     
                  0001ffa8    00000058     ccfg_app_ble.obj (.ccfg:retain)

.TI.bound:dmaSpi0RxControlTableEntry 
*          0    20000430    00000010     UNINITIALIZED
                  20000430    00000010     drivers_cc26x0r2.aem3 : SPICC26XXDMA.oem3 (.TI.bound:dmaSpi0RxControlTableEntry)

.TI.bound:dmaSpi1RxControlTableEntry 
*          0    20000500    00000010     UNINITIALIZED
                  20000500    00000010     drivers_cc26x0r2.aem3 : SPICC26XXDMA.oem3 (.TI.bound:dmaSpi1RxControlTableEntry)

.data      0    20000520    000019c1     UNINITIALIZED
                  20000520    00000348     f91_kepler.obj (.data:$O2$$)
                  20000868    000002e4     f91_clock.obj (.data:$O1$$)
                  20000b4c    000001d4     devinfoservice.obj (.data:$O11$$)
                  20000d20    00000174     f91_kepler_stack_library.lib : gapbondmgr.obj (.data:$O44$$)
                  20000e94    00000160     peripheral.obj (.data:$O17$$)
                  20000ff4    00000114     drivers_cc26x0r2.aem3 : PINCC26XX.oem3 (.data:$O1$$)
                  20001108    00000114                           : PowerCC26XX.oem3 (.data:PowerCC26XX_module)
                  2000121c    000000fc     sharp_lcd.obj (.data:$O28$$)
                  20001318    000000f4     main.obj (.data:$O19$$)
                  2000140c    000000dc     f91_clock_service.obj (.data:$O12$$)
                  200014e8    000000d4     f91_notification_service.obj (.data:$O14$$)
                  200015bc    000000a8     icall.obj (.data:$O8$$)
                  20001664    000000a4     notif_service.obj (.data:$O25$$)
                  20001708    00000084     kepler_main.obj (.data:$O35$$)
                  2000178c    0000007c     f91_kepler_stack_library.lib : osal_cbtimer.obj (.data:$O46$$)
                  20001808    00000070     cc26xx_profiles_pxxx.a : gapgattserver.o (.data)
                  20001878    00000058     drivers_cc26x0r2.aem3 : CryptoResourceCC26XX.oem3 (.data:$O1$$)
                  200018d0    00000058     cc26xx_gap_pxxx.a : gap_configmgr.o (.data)
                  20001928    0000004c     f91_notification.obj (.data:$O3$$)
                  20001974    0000004c     app_ble_pem3.oem3 (.data:ti_sysbios_knl_Task_Object__table__V)
                  200019c0    00000048     app_ble_pem3.oem3 (.data:ti_sysbios_family_arm_cc26xx_Timer_Object__table__V)
                  20001a08    00000044     alarm_service.obj (.data:$O21$$)
                  20001a4c    00000044     weather_service.obj (.data:$O26$$)
                  20001a90    00000040     drivers_cc26x0r2.aem3 : GPIOCC26XX.oem3 (.data:$O1$$)
                  20001ad0    00000038     cc2640_ctrlll_pxxx.a : ll_config.o (.data)
                  20001b08    00000038     app_ble_pem3.oem3 (.data:ti_sysbios_gates_GateMutex_Object__table__V)
                  20001b40    00000030     board.obj (.data:gpioPinConfigs)
                  20001b70    00000030     ble_user_config.obj (.data:rfRegTbl)
                  20001ba0    00000030     app_ble_pem3.oem3 (.data:ti_sysbios_knl_Swi_Module_State_0_readyQ__A)
                  20001bd0    00000030     app_ble_pem3.oem3 (.data:ti_sysbios_knl_Swi_Object__table__V)
                  20001c00    00000030     app_ble_pem3.oem3 (.data:ti_sysbios_knl_Task_Module_State_0_readyQ__A)
                  20001c30    0000002c     f91_kepler_stack_library.lib : osal.obj (.data:$O40$$)
                  20001c5c    00000028     ECCROMCC26XX.obj (.data:$O5$$)
                  20001c84    00000024     cc26xx_profiles_pxxx.a : gapgattserver.o (.data)
                  20001ca8    00000024     rtsv7M3_T_le_eabi.lib : localtim.c.obj (.data:local_tm$81)
                  20001ccc    00000020     app_ble_pem3.oem3 (.data:ti_sysbios_knl_Clock_Object__table__V)
                  20001cec    00000020     app_ble_pem3.oem3 (.data:xdc_runtime_Error_IgnoreBlock)
                  20001d0c    00000018     app_ble_pem3.oem3 (.data:ti_sysbios_family_arm_m3_Hwi_Object__table__V)
                  20001d24    00000015     f91_notification_service.obj (.data:f91NotificationServiceUserDesp1$17)
                  20001d39    00000012     f91_notification_service.obj (.data:f91NotificationServiceUserDesp2$17)
                  20001d4b    00000012     f91_notification_service.obj (.data:f91NotificationServiceUserDesp3$17)
                  20001d5d    00000003     f91_notification_service.obj (.data)
                  20001d60    00000010     rtsv7M3_T_le_eabi.lib : tmzone.c.obj (.data:_tz)
                  20001d70    00000010     icall_user_config.obj (.data:bleAppServiceInfoTable)
                  20001d80    00000010     cc26xx_profiles_pxxx.a : gattservapp.o (.data)
                  20001d90    00000010     board.obj (.data:gpioCallbackFunctions)
                  20001da0    00000010     icall_api_lite.obj (.data)
                  20001db0    00000010     ble_user_config.obj (.data:rfModeOverride)
                  20001dc0    0000000e     f91_clock_service.obj (.data:f91ClockServiceUserDesp2$16)
                  20001dce    0000000e     f91_clock_service.obj (.data:f91ClockServiceUserDesp3$16)
                  20001ddc    0000000c     cc2640_ctrlll_pxxx.a : ll_data.o (.data)
                  20001de8    0000000c     app_ble_pem3.oem3 (.data:ti_sysbios_heaps_HeapCallback_Object__table__V)
                  20001df4    00000009     devinfoservice.obj (.data)
                  20001dfd    00000009     f91_clock_service.obj (.data:f91ClockServiceUserDesp1$16)
                  20001e06    00000002     app_ble_pem3.oem3 (.data:ti_sysbios_family_arm_m3_Hwi_Module_State_0_excActive__A)
                  20001e08    00000008     icall_cc2650.obj (.data:$O10$$)
                  20001e10    00000008     f91_kepler_stack_library.lib : hal_assert.obj (.data:$O39$$)
                  20001e18    00000008                                  : osal_clock.obj (.data:$O47$$)
                  20001e20    00000008     rtsv7M3_T_le_eabi.lib : _lock.c.obj (.data:$O48$$)
                  20001e28    00000008     f91_clock_service.obj (.data:f91ClockServiceUserDesp4$16)
                  20001e30    00000008     app_ble_pem3.oem3 (.data:ti_sysbios_family_arm_cc26xx_Seconds_Module__state__V)
                  20001e38    00000008     app_ble_pem3.oem3 (.data:ti_sysbios_family_arm_m3_Hwi_Module__root__V)
                  20001e40    00000008     app_ble_pem3.oem3 (.data:ti_sysbios_gates_GateHwi_Module__root__V)
                  20001e48    00000008     app_ble_pem3.oem3 (.data:ti_sysbios_gates_GateMutex_Module__root__V)
                  20001e50    00000008     app_ble_pem3.oem3 (.data:ti_sysbios_hal_Hwi_Module__root__V)
                  20001e58    00000008     app_ble_pem3.oem3 (.data:ti_sysbios_heaps_HeapCallback_Module__root__V)
                  20001e60    00000008     app_ble_pem3.oem3 (.data:ti_sysbios_heaps_HeapMem_Module__root__V)
                  20001e68    00000008     app_ble_pem3.oem3 (.data:ti_sysbios_knl_Clock_Module__root__V)
                  20001e70    00000008     app_ble_pem3.oem3 (.data:ti_sysbios_knl_Event_Module__root__V)
                  20001e78    00000008     app_ble_pem3.oem3 (.data:ti_sysbios_knl_Mailbox_Module__root__V)
                  20001e80    00000008     app_ble_pem3.oem3 (.data:ti_sysbios_knl_Queue_Module__root__V)
                  20001e88    00000008     app_ble_pem3.oem3 (.data:ti_sysbios_knl_Semaphore_Module__root__V)
                  20001e90    00000008     app_ble_pem3.oem3 (.data:ti_sysbios_knl_Swi_Module__root__V)
                  20001e98    00000008     app_ble_pem3.oem3 (.data:ti_sysbios_knl_Task_Module__root__V)
                  20001ea0    00000008     app_ble_pem3.oem3 (.data:xdc_runtime_Registry_Module__state__V)
                  20001ea8    00000004     actigraphy.obj (.data:$O20$$)
                  20001eac    00000004     f91_kepler_stack_library.lib : osal_pwrmgr.obj (.data:$O41$$)
                  20001eb0    00000004                                  : osal_snv_wrapper.obj (.data:$O42$$)
                  20001eb4    00000004     ble_user_config.obj (.data)
                  20001eb8    00000004     f91_clock_service.obj (.data)
                  20001ebc    00000004     f91_kepler_stack_library.lib : ble_user_config.obj (.data)
                  20001ec0    00000004                                  : osal_bufmgr.obj (.data)
                  20001ec4    00000004     rtsv7M3_T_le_eabi.lib : errno.c.obj (.data)
                  20001ec8    00000004                           : stkdepth_vars.c.obj (.data)
                  20001ecc    00000004     app_ble_pem3.oem3 (.data:ti_sysbios_family_arm_m3_Hwi_Module_State_0_excContext__A)
                  20001ed0    00000004     app_ble_pem3.oem3 (.data:ti_sysbios_family_arm_m3_Hwi_Module_State_0_excStack__A)
                  20001ed4    00000004     app_ble_pem3.oem3 (.data:ti_sysbios_knl_Task_Module_State_0_idleTask__A)
                  20001ed8    00000001     TRNGCC26XX.obj (.data)
                  20001ed9    00000001     cc2640_ctrlll_pxxx.a : ll_data.o (.data)
                  20001eda    00000001     cc26xx_profiles_pxxx.a : gapgattserver.o (.data)
                  20001edb    00000001                            : gapgattserver.o (.data)
                  20001edc    00000001                            : gapgattserver.o (.data)
                  20001edd    00000001     drivers_cc26x0r2.aem3 : CryptoCC26XX.oem3 (.data)
                  20001ede    00000001                           : I2C.oem3 (.data)
                  20001edf    00000001                           : SPI.oem3 (.data)
                  20001ee0    00000001                           : UART.oem3 (.data)

.bss       0    20001ee8    00002392     UNINITIALIZED
                  20001ee8    00000dfc     ui_renderer.obj (.bss:$O30$$)
                  20002ce4    00000450     kepler_task.obj (.bss:$O4$$)
                  20003134    00000004     att_rsp.obj (.bss)
                  20003138    000003a0     RFCC26XX_singleMode.obj (.bss:$O7$$)
                  200034d8    00000200     app_ble_pem3.oem3 (.bss:taskStackSection)
                  200036d8    000001e0     (.common:gapRoleTaskStack)
                  200038b8    000001c8     (.common:spiCC26XXDMAObjects)
                  20003a80    0000012c     (.common:uartCC26XXObjects)
                  20003bac    0000011c     buttons.obj (.bss:$O33$$)
                  20003cc8    000000e0     (.common:i2cCC26xxObjects)
                  20003da8    000000c8     (.common:ti_sysbios_family_arm_m3_Hwi_dispatchTable)
                  20003e70    00000080     event_queue.obj (.bss:$O36$$)
                  20003ef0    00000080     board.obj (.bss:uartStringBuf$21)
                  20003f70    00000078     cc2640_ctrlll_pxxx.a : ll.o (.bss)
                  20003fe8    00000074     time_set.obj (.bss:$O34$$)
                  2000405c    00000054     stopwatch.obj (.bss:$O38$$)
                  200040b0    0000004c     locator_service.obj (.bss:$O23$$)
                  200040fc    0000002c     ble_manager.obj (.bss:$O22$$)
                  20004128    0000002c     (.common:cryptoCC26XXObjects)
                  20004154    00000028     power_manager.obj (.bss:$O37$$)
                  2000417c    00000020     (.common:uartCC26XXRingBuffer)
                  2000419c    00000020     (.common:udmaObjects)
                  200041bc    00000014     RFCC26XX_singleMode.obj (.bss:RF_ratSyncCmd$8)
                  200041d0    00000014     driverlib.lib : osc.obj (.bss:oscHfGlobals$109)
                  200041e4    00000010     util.obj (.bss:str$1$6)
                  200041f4    0000000c     f91_kepler_stack_library.lib : osal_timers.obj (.bss:$O43$$)
                  20004200    0000000c     cc2640_ctrlll_pxxx.a : ll_scheduler.o (.bss)
                  2000420c    0000000c     (.common:displayUartObject)
                  20004218    00000008     dpl_cc26x0r2.aem3 : PowerCC26XX_tirtos.oem3 (.bss:$O1$$)
                  20004220    00000008     cc2640_ctrlll_pxxx.a : ll_common.o (.bss)
                  20004228    00000008                          : ll_common.o (.bss)
                  20004230    00000008     event_queue.obj (.bss)
                  20004238    00000008     driverlib.lib : sys_ctrl.obj (.bss:powerQualGlobals$111)
                  20004240    00000004     cc2640_ctrlll_pxxx.a : ll.o (.bss)
                  20004244    00000004                          : ll.o (.bss)
                  20004248    00000004                          : ll.o (.bss)
                  2000424c    00000004                          : ll_common.o (.bss)
                  20004250    00000004     cc26xx_gap_pxxx.a : gap_linkmgr.o (.bss)
                  20004254    00000004     cc26xx_profiles_pxxx.a : gapgattserver.o (.bss)
                  20004258    00000004     stopwatch.obj (.bss)
                  2000425c    00000004     (.common:ClockP_tickPeriod)
                  20004260    00000004     (.common:tasksEvents)
                  20004264    00000004     (.common:trngCC26XXObjects)
                  20004268    00000003     time_set.obj (.bss)
                  2000426b    00000002     buttons.obj (.bss)
                  2000426d    00000001     RFCC26XX_singleMode.obj (.bss)
                  2000426e    00000002     cc2640_ctrlll_pxxx.a : ll_slave_end_causes.o (.bss)
                  20004270    00000001     ble_manager.obj (.bss)
                  20004271    00000001     cc26xx_hci_tl_none.a : hci_tl.o (.bss)
                  20004272    00000001                          : hci_tl.o (.bss)
                  20004273    00000001                          : hci_tl.o (.bss)
                  20004274    00000001                          : hci_tl.o (.bss)
                  20004275    00000001                          : hci_tl.o (.bss)
                  20004276    00000001     drivers_cc26x0r2.aem3 : CryptoCC26XX.oem3 (.bss)
                  20004277    00000001     sharp_lcd.obj (.bss)
                  20004278    00000001     (.common:driverlib_release_0_60062)
                  20004279    00000001     (.common:icall_liteTaskId)

.vtable    0    2000427a    00000000     UNINITIALIZED

.vtable_ram 
*          0    2000427a    00000000     UNINITIALIZED

vtable_ram 
*          0    2000427a    00000000     UNINITIALIZED

.sysmem    0    2000427a    00000000     UNINITIALIZED

.nonretenvar 
*          0    2000427a    00000000     UNINITIALIZED

.TI.bound:dmaSpi0TxControlTableEntry 
*          0    20000440    00000010     UNINITIALIZED
                  20000440    00000010     drivers_cc26x0r2.aem3 : SPICC26XXDMA.oem3 (.TI.bound:dmaSpi0TxControlTableEntry)

.TI.bound:dmaSpi1TxControlTableEntry 
*          0    20000510    00000010     UNINITIALIZED
                  20000510    00000010     drivers_cc26x0r2.aem3 : SPICC26XXDMA.oem3 (.TI.bound:dmaSpi1TxControlTableEntry)

.text.1    0    0000003c    00000fc4     
                  0000003c    00000a4a     rtsv7M3_T_le_eabi.lib : _printfi.c.obj (.text:__TI_printfi)
                  00000a86    00000002     ble_user_config.obj (.text:DefaultAssertCback)
                  00000a88    00000568     peripheral.obj (.text:gapRole_taskFxn$20)
                  00000ff0    00000008     (.tramp.ti_sysbios_knl_Event_pend__E.1)
                  00000ff8    00000008     drivers_cc26x0r2.aem3 : CryptoCC26XX.oem3 (.text:CryptoCC26XX_Params_init)

.text.2    0    00001330    0001450c     
                  00001330    0000064c     f91_kepler.obj (.text:F91Kepler_taskFxn$2)
                  0000197c    000004c4     kepler_main.obj (.text:kepler_handle_event$43)
                  00001e40    0000047c     f91_kepler_stack_library.lib : icall_startup.obj (.text:startup_entry)
                  000022bc    00000478     cc2640_ctrlll_pxxx.a : ll.o (.text)
                  00002734    00000330                          : ll_slave_end_causes.o (.text)
                  00002a64    00000320                          : ll.o (.text)
                  00002d84    00000320     rom_sysbios.aem3 : rom_sysbios.obj (.text:xdc_runtime_System_doPrint__I)
                  000030a4    00000314     drivers_cc26x0r2.aem3 : PowerCC26XX_calibrateRCOSC.oem3 (.text:PowerCC26XX_auxISR)
                  000033b8    000002f4     cc2640_ctrlll_pxxx.a : ll_scheduler.o (.text)
                  000036ac    000002e4                          : ll_common.o (.text)
                  00003990    000002d4     RFCC26XX_singleMode.obj (.text:RF_fsmActiveState$8)
                  00003c64    000002a0     rtsv7M3_T_le_eabi.lib : mktime.c.obj (.text:__mktime32)
                  00003f04    00000294     peripheral.obj (.text:GAPRole_SetParameter)
                  00004198    00000294     cc2640_ctrlll_pxxx.a : ll_isr.o (.text)
                  0000442c    00000278     drivers_cc26x0r2.aem3 : CryptoCC26XX.oem3 (.text:cryptoTransactionExecute)
                  000046a4    0000025c     rtsv7M3_T_le_eabi.lib : _printfi.c.obj (.text:_pconv_a$92)
                  00004900    00000248     ui_renderer.obj (.text:render_screen_weather$36)
                  00004b48    00000240     cc2640_ctrlll_pxxx.a : ble.o (.text)
                  00004d88    00000238     cc26xx_profiles_pxxx.a : gapgattserver.o (.text)
                  00004fc0    0000022c     f91_kepler_stack_library.lib : gapbondmgr.obj (.text:GAPBondMgr_SetParameter)
                  000051ec    0000022c     drivers_cc26x0r2.aem3 : PowerCC26XX.oem3 (.text:Power_sleep)
                  00005418    00000228     ui_renderer.obj (.text:render_screen_main$36)
                  00005640    00000220     driverlib.lib : sys_ctrl.obj (.text:NOROM_SysCtrlSetRechargeBeforePowerDown)
                  00005860    00000220     ui_renderer.obj (.text:render_screen_notifications$36)
                  00005a80    0000021c     RFCC26XX_singleMode.obj (.text:RF_open)
                  00005c9c    0000021c     drivers_cc26x0r2.aem3 : SPICC26XXDMA.oem3 (.text:SPICC26XXDMA_transfer)
                  00005eb8    00000214     ECCROMCC26XX.obj (.text:ECC_VerifyPublicKeyWeierstrass$7)
                  000060cc    0000020c     f91_kepler_stack_library.lib : gapbondmgr.obj (.text:GAPBondMgr_ProcessGAPMsg)
                  000062d8    00000204     RFCC26XX_singleMode.obj (.text:RF_fsmSetupState$8)
                  000064dc    00000200     cc26xx_profiles_pxxx.a : gattservapp.o (.text)
                  000066dc    000001e8     ECCROMCC26XX.obj (.text:ECCROMCC26XX_genDHKey)
                  000068c4    000001e8     f91_kepler.obj (.text:F91Kepler_processStateChangeEvt$2)
                  00006aac    000001e0     kepler_task.obj (.text:KeplerMain_taskFxn$4)
                  00006c8c    000001d8     f91_kepler_stack_library.lib : gapbondmgr.obj (.text:gapBondMgrAddBond$61)
                  00006e64    000001d0     ui_renderer.obj (.text:render_screen_stopwatch$36)
                  00007034    000001cc     rtsv7M3_T_le_eabi.lib : _printfi.c.obj (.text:_pconv_g$92)
                  00007200    000001bc     main.obj (.text:AssertHandler)
                  000073bc    000001bc     ui_renderer.obj (.text:render_screen_alarms$36)
                  00007578    000001b6     rtsv7M3_T_le_eabi.lib : fd_add_t2.asm.obj (.text)
                  0000772e    00000002     display.aem3 : DisplayUart.oem3 (.text:DisplayUartAnsi_init)
                  00007730    000001b0     drivers_cc26x0r2.aem3 : PINCC26XX.oem3 (.text:PIN_init)
                  000078e0    000001b0     cc2640_ctrlll_pxxx.a : ll_isr.o (.text)
                  00007a90    0000019c     f91_kepler_stack_library.lib : gapbondmgr.obj (.text:gapBondMgrAuthenticate$61)
                  00007c2c    00000194     icall.obj (.text:icall_directAPI)
                  00007dc0    00000190     drivers_cc26x0r2.aem3 : PowerCC26XX_calibrateRCOSC.oem3 (.text:PowerCC26XX_doCalibrate)
                  00007f50    0000018c     cc2640_ctrlll_pxxx.a : ll.o (.text)
                  000080dc    0000018c                          : ll_isr.o (.text)
                  00008268    0000015c     drivers_cc26x0r2.aem3 : UARTCC26XX.oem3 (.text:UARTCC26XX_open)
                  000083c4    00000158                           : SPICC26XXDMA.oem3 (.text:SPICC26XXDMA_initIO)
                  0000851c    00000150     f91_kepler_stack_library.lib : gapbondmgr.obj (.text:GAPBondMgr_ProcessEvent)
                  0000866c    00000150     cc2640_ctrlll_pxxx.a : ll_common.o (.text)
                  000087bc    0000014c     drivers_cc26x0r2.aem3 : I2CCC26XX.oem3 (.text:I2CCC26XX_open)
                  00008908    0000014c     ui_renderer.obj (.text:draw_compact_header$36)
                  00008a54    0000014c     time_set.obj (.text:time_set_handle_button)
                  00008ba0    00000148     drivers_cc26x0r2.aem3 : UARTCC26XX.oem3 (.text:UARTCC26XX_hwiIntFxn)
                  00008ce8    0000013c     rtsv7M3_T_le_eabi.lib : _printfi.c.obj (.text:_pconv_e$92)
                  00008e24    00000138     ui_renderer.obj (.text:draw_wx_stub_16$36)
                  00008f5c    00000136     drivers_cc26x0r2.aem3 : UARTCC26XX.oem3 (.text:UARTCC26XX_read)
                  00009092    00000136     rtsv7M3_T_le_eabi.lib : fd_div_t2.asm.obj (.text)
                  000091c8    00000134                           : localtim.c.obj (.text:__localtime32)
                  000092fc    00000130     ECCROMCC26XX.obj (.text:ECCROMCC26XX_genKeys)
                  0000942c    0000012c     peripheral.obj (.text:GAPRole_GetParameter)
                  00009558    0000012c     drivers_cc26x0r2.aem3 : PowerCC26XX.oem3 (.text:Power_init)
                  00009684    00000128     cc2640_ctrlll_pxxx.a : ll_scheduler.o (.text)
                  000097ac    00000128     main.obj (.text:main)
                  000098d4    00000124     f91_kepler_stack_library.lib : gapbondmgr.obj (.text:gapBondMgrEraseBonding$61)
                  000099f8    00000120     rtsv7M3_T_le_eabi.lib : _printfi.c.obj (.text:fcvt$92)
                  00009b18    0000011c     drivers_cc26x0r2.aem3 : SPICC26XXDMA.oem3 (.text:SPICC26XXDMA_open)
                  00009c34    0000011c     kepler_time.obj (.text:kepler_epoch_to_tm)
                  00009d50    00000114     drivers_cc26x0r2.aem3 : I2CCC26XX.oem3 (.text:I2CCC26XX_hwiFxn)
                  00009e64    00000114     cc26xx_gap_pxxx.a : gap_linkmgr.o (.text)
                  00009f78    00000110     drivers_cc26x0r2.aem3 : GPIOCC26XX.oem3 (.text:GPIO_setConfig)
                  0000a088    00000110                           : PINCC26XX.oem3 (.text:PINCC26XX_setIoCfg)
                  0000a198    00000110     cc26xx_gatt_pxxx.a : gatt_server.o (.text)
                  0000a2a8    0000010c     drivers_cc26x0r2.aem3 : SPICC26XXDMA.oem3 (.text:SPICC26XXDMA_configDMA)
                  0000a3b4    00000106     app_ble_pem3.oem3 (.text:xdc_runtime_System_printfExtend__I)
                  0000a4ba    00000002     icall.obj (.text:ICall_abort)
                  0000a4bc    00000104     f91_kepler_stack_library.lib : osal_snv_wrapper.obj (.text:compactPage$58)
                  0000a5c0    000000fc     rtsv7M3_T_le_eabi.lib : fd_mul_t2.asm.obj (.text)
                  0000a6bc    000000f8     f91_kepler_stack_library.lib : osal_snv_wrapper.obj (.text:osal_snv_write)
                  0000a7b4    000000f4                                  : gapbondmgr.obj (.text:GAPBondMgr_LinkEst)
                  0000a8a8    000000f4     f91_clock.obj (.text:_F91Clock_taskFxn$1)
                  0000a99c    000000f0     f91_kepler.obj (.text:F91Kepler_processCharValueChangeEvt$2)
                  0000aa8c    000000f0     cc2640_ctrlll_pxxx.a : ll.o (.text)
                  0000ab7c    000000ec     RFCC26XX_singleMode.obj (.text:RF_radioOpDoneCb$8)
                  0000ac68    000000ec     cc26xx_profiles_pxxx.a : gattservapp.o (.text)
                  0000ad54    000000e8     dpl_cc26x0r2.aem3 : PowerCC26XX_tirtos.oem3 (.text:PowerCC26XX_standbyPolicy)
                  0000ae3c    000000e8     f91_kepler_stack_library.lib : osal_timers.obj (.text:osalTimerUpdate)
                  0000af24    000000e4     drivers_cc26x0r2.aem3 : SPICC26XXDMA.oem3 (.text:SPICC26XXDMA_transferCancel)
                  0000b008    000000e4     cc2640_ctrlll_pxxx.a : ll_isr.o (.text)
                  0000b0ec    000000e4     cc26xx_sm_pxxx.a : sm_pairing.o (.text)
                  0000b1d0    000000e2     drivers_cc26x0r2.aem3 : UARTCC26XX.oem3 (.text:UARTCC26XX_write)
                  0000b2b2    00000002     f91_kepler_stack_library.lib : onboard.obj (.text:Onboard_soft_reset)
                  0000b2b4    000000e0     ui_renderer.obj (.text:render_screen_phone_locator$36)
                  0000b394    000000d6     drivers_cc26x0r2.aem3 : I2CCC26XX.oem3 (.text:I2CCC26XX_transfer)
                  0000b46a    00000002     RFCC26XX_singleMode.obj (.text:RF_defaultCallback$8)
                  0000b46c    000000d4     RFCC26XX_singleMode.obj (.text:RF_pendCmd)
                  0000b540    000000d4     buttons.obj (.text:buttons_init)
                  0000b614    000000d4     sharp_lcd.obj (.text:sharp_lcd_init)
                  0000b6e8    000000d0     rtsv7M3_T_le_eabi.lib : s_scalbn.c.obj (.text:scalbn)
                  0000b7b8    000000cc     RFCC26XX_singleMode.obj (.text:RF_postCmd)
                  0000b884    000000cc     RFCC26XX_singleMode.obj (.text:RF_swiHw$8)
                  0000b950    000000c8     RFCC26XX_singleMode.obj (.text:RF_fsmPowerUpState$8)
                  0000ba18    000000c4     cc26xx_sm_pxxx.a : sm_pairing.o (.text)
                  0000badc    000000c4                      : sm_pairing.o (.text)
                  0000bba0    000000c4     f91_notification_service.obj (.text:f91_notification_service_WriteAttrCB$17)
                  0000bc64    000000c0     driverlib.lib : setup.obj (.text:TrimAfterColdResetWakeupFromShutDown$50)
                  0000bd24    000000c0     f91_clock_service.obj (.text:f91_clock_service_WriteAttrCB$16)
                  0000bde4    000000c0     f91_kepler_stack_library.lib : osal.obj (.text:osal_set_event)
                  0000bea4    000000bc     drivers_cc26x0r2.aem3 : PowerCC26XX.oem3 (.text:Power_releaseDependency)
                  0000bf60    000000bc     cc2640_ctrlll_pxxx.a : ll_scheduler.o (.text)
                  0000c01c    000000b8     RFCC26XX_singleMode.obj (.text:RF_control)
                  0000c0d4    000000b8     TRNGCC26XX.obj (.text:TRNGCC26XX_getNumber)
                  0000c18c    000000b8     devinfoservice.obj (.text:devInfo_ReadAttrCB$15)
                  0000c244    000000b8     time_set.obj (.text:time_set_init)
                  0000c2fc    000000b4     driverlib.lib : setup.obj (.text:NOROM_SetupTrimDevice)
                  0000c3b0    000000b4     drivers_cc26x0r2.aem3 : PowerCC26XX.oem3 (.text:Power_setDependency)
                  0000c464    000000b4     buttons.obj (.text:debounce_swi$40)
                  0000c518    000000b4     kepler_main.obj (.text:kepler_init_clocks$43)
                  0000c5cc    000000b2     rom_sysbios.aem3 : rom_sysbios.obj (.text:xdc_runtime_Text_putSite__E)
                  0000c67e    00000002     f91_kepler_stack_library.lib : sm_ecc.obj (.text:SM_dhKeyCB)
                  0000c680    000000b1     rtsv7M3_T_le_eabi.lib : _printfi.c.obj (.text:_ltostr$92)
                  0000c731    00000001     --HOLE-- [fill = 0]
                  0000c732    00000002     f91_kepler_stack_library.lib : sm_ecc.obj (.text:SM_p256KeyCB)
                  0000c734    000000b0                                  : gapbondmgr.obj (.text:GAPBondMgr_ResolveAddr)
                  0000c7e4    000000b0     cc26xx_gap_pxxx.a : gap_peridevmgr.o (.text)
                  0000c894    000000b0     sharp_lcd.obj (.text:sharp_lcd_flush_lines)
                  0000c944    000000ac     display.aem3 : DisplayUart.oem3 (.text:DisplayUartAnsi_clearLines)
                  0000c9f0    000000ac     RFCC26XX_singleMode.obj (.text:RF_abortCmd$8)
                  0000ca9c    000000a8     drivers_cc26x0r2.aem3 : GPIOCC26XX.oem3 (.text:GPIO_init)
                  0000cb44    000000a8     sharp_lcd.obj (.text:fb_fill_rect)
                  0000cbec    000000a8     ui_renderer.obj (.text:ui_update_weather)
                  0000cc94    000000a7     display.aem3 : DisplayUart.oem3 (.text:DisplayUartAnsi_open)
                  0000cd3b    00000001     --HOLE-- [fill = 0]
                  0000cd3c    000000a4     RFCC26XX_singleMode.obj (.text:RF_ratRestartChannels$8)
                  0000cde0    000000a4     cc2640_ctrlll_pxxx.a : ll_common.o (.text)
                  0000ce84    000000a4     f91_notification_service.obj (.text:f91_notification_service_ReadAttrCB$17)
                  0000cf28    000000a4     fonts.obj (.text:font_draw_string)
                  0000cfcc    000000a4     f91_kepler_stack_library.lib : osal.obj (.text:osal_msg_enqueue_push$54)
                  0000d070    000000a4     drivers_cc26x0r2.aem3 : PowerCC26XX.oem3 (.text:switchXOSCHFclockFunc)
                  0000d114    000000a0                           : PINCC26XX.oem3 (.text:PIN_open)
                  0000d1b4    000000a0     RFCC26XX_singleMode.obj (.text:RF_calculateDispatchTime$8)
                  0000d254    000000a0     drivers_cc26x0r2.aem3 : SPICC26XXDMA.oem3 (.text:SPICC26XXDMA_hwiFxn)
                  0000d2f4    000000a0     auto_init.aem3 : auto_init.oem3 (.text)
                  0000d394    000000a0     f91_kepler_stack_library.lib : osal_timers.obj (.text:osal_timer_refTimeUpdate)
                  0000d434    0000009f     display.aem3 : DisplayUart.oem3 (.text:DisplayUartAnsi_vprintf)
                  0000d4d3    00000001     --HOLE-- [fill = 0]
                  0000d4d4    0000009e     f91_kepler_stack_library.lib : gapbondmgr.obj (.text:gapBondMgrUpdateCharCfg$61)
                  0000d572    00000002     rtsv7M3_T_le_eabi.lib : _lock.c.obj (.text:_nop)
                  0000d574    0000009c     f91_kepler_stack_library.lib : osal_cbtimer.obj (.text:cbTimerSetup$69)
                  0000d610    0000009c     rtsv7M3_T_le_eabi.lib : memcpy_t2.asm.obj (.text)
                  0000d6ac    00000098     icall.obj (.text:ICall_setTimer)
                  0000d744    00000098     drivers_cc26x0r2.aem3 : UARTCC26XX.oem3 (.text:UARTCC26XX_initHw)
                  0000d7dc    00000098                           : UARTCC26XX.oem3 (.text:UARTCC26XX_initIO)
                  0000d874    00000098     cc2640_ctrlhci_pxxx.a : hci_event.o (.text)
                  0000d90c    00000098     cc2640_ctrlll_pxxx.a : ll_common.o (.text)
                  0000d9a4    00000098     f91_kepler_stack_library.lib : osal_cbtimer.obj (.text:osal_CbTimerProcessEvent)
                  0000da3c    00000098     rom_sysbios.aem3 : rom_sysbios.obj (.text:ti_sysbios_knl_Clock_workFuncDynamic__E)
                  0000dad4    00000096     rtsv7M3_T_le_eabi.lib : ull_div_t2.asm.obj (.text)
                  0000db6a    00000002     drivers_cc26x0r2.aem3 : PowerCC26XX.oem3 (.text:emptyClockFunc)
                  0000db6c    00000094                           : CryptoCC26XX.oem3 (.text:CryptoCC26XX_allocateKey)
                  0000dc00    00000094     driverlib.lib : crypto.obj (.text:NOROM_CRYPTOAesLoadKey)
                  0000dc94    00000090     board.obj (.text:CC2640R2_LAUNCHXL_shutDownExtFlash)
                  0000dd24    00000090     drivers_cc26x0r2.aem3 : CryptoCC26XX.oem3 (.text:CryptoCC26XX_open)
                  0000ddb4    00000090                           : I2CCC26XX.oem3 (.text:I2CCC26XX_cancel)
                  0000de44    00000090                           : SPICC26XXDMA.oem3 (.text:SPICC26XXDMA_control)
                  0000ded4    00000090     f91_clock_service.obj (.text:f91_clock_service_ReadAttrCB$16)
                  0000df64    00000090     f91_kepler_stack_library.lib : osal.obj (.text:osal_msg_receive)
                  0000dff4    00000090     rom_sysbios.aem3 : rom_sysbios.obj (.text:ti_sysbios_family_arm_cc26xx_Timer_start__E)
                  0000e084    0000008e     drivers_cc26x0r2.aem3 : UARTCC26XX.oem3 (.text:UARTCC26XX_writeCancel)
                  0000e112    00000002                           : CryptoResourceCC26XX.oem3 (.text:errorSpin)
                  0000e114    0000008c                           : I2CCC26XX.oem3 (.text:I2CCC26XX_primeTransfer)
                  0000e1a0    0000008c     icall.obj (.text:ICall_heapMalloc)
                  0000e22c    0000008c     drivers_cc26x0r2.aem3 : SPICC26XXDMA.oem3 (.text:SPICC26XXDMA_swiFxn)
                  0000e2b8    0000008c     cc2640_ctrlll_pxxx.a : ll_enc.o (.text)
                  0000e344    00000088     RFCC26XX_singleMode.obj (.text:RF_dispatchNextCmd$8)
                  0000e3cc    00000088     RFCC26XX_singleMode.obj (.text:RF_hwiCpe0Active$8)
                  0000e454    00000088     event_queue.obj (.text:event_queue_post)
                  0000e4dc    00000088     peripheral.obj (.text:gapRole_startConnUpdate$20)
                  0000e564    00000086     rtsv7M3_T_le_eabi.lib : fd_cmp_t2.asm.obj (.text:__aeabi_cdcmple)
                  0000e5ea    00000086                           : fd_cmp_t2.asm.obj (.text:__aeabi_cdrcmple)
                  0000e670    00000084     driverlib.lib : crypto.obj (.text:NOROM_CRYPTOCcmInvAuthDecryptResultGet)
                  0000e6f4    00000084     RFCC26XX_singleMode.obj (.text:RF_ratFreeChannel$8)
                  0000e778    00000084     drivers_cc26x0r2.aem3 : UARTCC26XX.oem3 (.text:UARTCC26XX_close)
                  0000e7fc    00000084     cc26xx_profiles_pxxx.a : gapgattserver.o (.text)
                  0000e880    00000084     weather_service.obj (.text:rebuild_ui_view$33)
                  0000e904    00000084     ui_renderer.obj (.text:ui_show_notif_banner)
                  0000e988    00000080     f91_kepler_stack_library.lib : gapbondmgr.obj (.text:GAPBondMgr_syncResolvingList)
                  0000ea08    00000080     ui_renderer.obj (.text:ui_update_ble_status)
                  0000ea88    00000080     ui_renderer.obj (.text:ui_update_steps)
                  0000eb08    00000080     drivers_cc26x0r2.aem3 : UARTCC26XX.oem3 (.text:writeTxFifoFlush)
                  0000eb88    0000007c     cc2640_ctrlhci_pxxx.a : hci_event.o (.text)
                  0000ec04    0000007c     cc2640_ctrlll_pxxx.a : ll_scheduler.o (.text)
                  0000ec80    0000007c     cc26xx_gap_pxxx.a : gap_linkmgr.o (.text)
                  0000ecfc    0000007c     time_set.obj (.text:enter_time_set$41)
                  0000ed78    0000007c     f91_kepler_stack_library.lib : osal.obj (.text:osal_event_send$54)
                  0000edf4    0000007a     ui_renderer.obj (.text:draw_progress_bar$36)
                  0000ee6e    0000007a     sharp_lcd.obj (.text:fb_draw_glyph)
                  0000eee8    0000007a     rtsv7M3_T_le_eabi.lib : memset_t2.asm.obj (.text)
                  0000ef62    00000002     f91_kepler_stack_library.lib : hal_assert.obj (.text:halAssertHandler)
                  0000ef64    00000078     cc2640_ctrlll_pxxx.a : ll_common.o (.text)
                  0000efdc    00000078     cc26xx_profiles_pxxx.a : gattservapp.o (.text)
                  0000f054    00000078     sharp_lcd.obj (.text:fb_set_pixel)
                  0000f0cc    00000078     kepler_main.obj (.text:handle_minute_tick$43)
                  0000f144    00000078     rom_sysbios.aem3 : rom_sysbios.obj (.text:ti_sysbios_heaps_HeapMem_allocUnprotected__E)
                  0000f1bc    00000078     f91_kepler_stack_library.lib : osal_snv_wrapper.obj (.text:writeWord$58)
                  0000f234    00000074     icall.obj (.text:ICall_heapInit)
                  0000f2a8    00000074     cc26xx_sm_pxxx.a : sm_pairing.o (.text)
                  0000f31c    00000074     f91_kepler_stack_library.lib : gapbondmgr.obj (.text:gapBondMgrBondReq$61)
                  0000f390    00000074     rom_sysbios.aem3 : rom_sysbios.obj (.text:xdc_runtime_Text_putMod__E)
                  0000f404    00000072     cc2640_ctrlll_pxxx.a : ll_common.o (.text)
                  0000f476    00000002     f91_kepler_stack_library.lib : hal_assert.obj (.text:halAssertSpinlock)
                  0000f478    00000070     icall.obj (.text:ICall_heapGetStats)
                  0000f4e8    00000070     driverlib.lib : sys_ctrl.obj (.text:NOROM_SysCtrlAdjustRechargeAfterPowerDown)
                  0000f558    00000070     f91_kepler_stack_library.lib : ble_dispatch_lite.obj (.text:ble_dispatch_liteProcess)
                  0000f5c8    00000070     cc2640_ctrlll_pxxx.a : ll_common.o (.text)
                  0000f638    00000070     cc26xx_hci_tl_none.a : hci_tl.o (.text)
                  0000f6a8    00000070     drivers_cc26x0r2.aem3 : PowerCC26XX.oem3 (.text:lfClockReadyCallback)
                  0000f718    00000070     ui_renderer.obj (.text:ui_dismiss_selected_notification)
                  0000f788    0000006e     rtsv7M3_T_le_eabi.lib : ll_div_t2.asm.obj (.text)
                  0000f7f6    00000002     icall_api_lite.obj (.text:rfErrCb)
                  0000f7f8    0000006d     rom_sysbios.aem3 : rom_sysbios.obj (.text:xdc_runtime_System_formatNum__I)
                  0000f865    00000001     --HOLE-- [fill = 0]
                  0000f866    00000002     rtsv7M3_T_le_eabi.lib : div0.asm.obj (.text)
                  0000f868    0000006c     icall.obj (.text:ICall_sendServiceComplete)
                  0000f8d4    0000006c     driverlib.lib : osc.obj (.text:NOROM_OSCHF_AttemptToSwitchToXosc)
                  0000f940    0000006c     drivers_cc26x0r2.aem3 : PowerCC26XX_calibrateRCOSC.oem3 (.text:PowerCC26XX_initiateCalibration)
                  0000f9ac    0000006c     cc2640_ctrlll_pxxx.a : ll_common.o (.text)
                  0000fa18    0000006c                          : ll_scheduler.o (.text)
                  0000fa84    0000006c     drivers_cc26x0r2.aem3 : PowerCC26XX.oem3 (.text:configureXOSCHF)
                  0000faf0    0000006c     locator_service.obj (.text:locator_service_init)
                  0000fb5c    0000006c     ui_renderer.obj (.text:ui_push_notification)
                  0000fbc8    0000006a     rtsv7M3_T_le_eabi.lib : _printfi.c.obj (.text:_mcpy$92)
                  0000fc32    00000002     app_ble_pem3.oem3 (.text:ti_sysbios_BIOS_nullFunc__I)
                  0000fc34    00000068     drivers_cc26x0r2.aem3 : CryptoCC26XX.oem3 (.text:CryptoCC26XX_loadKey)
                  0000fc9c    00000068                           : I2CCC26XX.oem3 (.text:I2CCC26XX_swiFxn)
                  0000fd04    00000068     icall.obj (.text:ICall_send)
                  0000fd6c    00000068     driverlib.lib : sys_ctrl.obj (.text:NOROM_SysCtrl_DCDC_VoltageConditionalControl)
                  0000fdd4    00000068     drivers_cc26x0r2.aem3 : PINCC26XX.oem3 (.text:PIN_add)
                  0000fe3c    00000068     RFCC26XX_singleMode.obj (.text:RF_getInfo)
                  0000fea4    00000068     RFCC26XX_singleMode.obj (.text:RF_hwiHw$8)
                  0000ff0c    00000068     rtsv7M3_T_le_eabi.lib : copy_decompress_lzss.c.obj (.text:decompress:lzss:__TI_decompress_lzss)
                  0000ff74    00000068     sharp_lcd.obj (.text:fb_hline)
                  0000ffdc    00000068     f91_kepler_stack_library.lib : osal_cbtimer.obj (.text:osal_CbTimerUpdate)
                  00010044    00000068     time_set.obj (.text:time_set_process)
                  000100ac    00000064     RFCC26XX_singleMode.obj (.text:RF_getCurrentTime)
                  00010110    00000064     RFCC26XX_singleMode.obj (.text:RF_hwiCpe0PowerFsm$8)
                  00010174    00000064     cc26xx_profiles_pxxx.a : gattservapp.o (.text)
                  000101d8    00000062     ui_renderer.obj (.text:draw_wx_stub_32$36)
                  0001023a    00000002     rom_sysbios.aem3 : rom_sysbios.obj (.text:xdc_runtime_SysCallback_defaultAbort)
                  0001023c    00000060     icall.obj (.text:ICall_createRemoteTasksAtRuntime)
                  0001029c    00000060     icall.obj (.text:ICall_enrollService)
                  000102fc    00000060     drivers_cc26x0r2.aem3 : PowerCC26XX.oem3 (.text:PowerCC26XX_calibrate)
[...]
200041f8  osal_last_timestamp                                                       
20004200  llTaskList                                                                
2000420c  displayUartObject                                                         
20004218  PowerCC26XX_taskKey                                                       
2000421c  PowerCC26XX_swiKey                                                        
20004220  llConnEvtNotice                                                           
20004228  featureSetMask                                                            
20004240  rtosApiTblPtr                                                             
20004244  LSTORecoveryArr                                                           
20004248  llCombineState                                                            
2000424c  llCurrentMappedChan                                                       
20004250  connEvtCB                                                                 
2000425c  ClockP_tickPeriod                                                         
20004260  tasksEvents                                                               
20004264  trngCC26XXObjects                                                         
20004271  hciTaskID                                                                 
20004272  hciTestTaskID                                                             
20004273  hciGapTaskID                                                              
20004274  hciL2capTaskID                                                            
20004275  hciSmpTaskID                                                              
20004278  driverlib_release_0_60062                                                 
20004279  icall_liteTaskId                                                          
2000427a  heapStart                                                                 
200044f8  RAM_BASE_ADDR                                                             
20004504  ROM_FlashJT                                                               
20004558  gapPeripheralCBs                                                          
20004564  gapPeripheralConnCBs                                                      
20004568  rfMode                                                                    
20004584  smResponderCBs                                                            
2000459c  slaveConnHandle                                                           
2000459e  nextHandle                                                                
200045a0  l2capMtuSize                                                              
200045a2  gapAppTaskID                                                              
200045a3  gapAdvAppTaskID                                                           
200045a4  gapUnwantedTaskID                                                         
200045a5  reqTaskId                                                                 
200045a6  gattAppTaskID                                                             
200045a7  appTaskID                                                                 
200045a8  flowCtrlTaskId                                                            
200045a9  SM_appTaskID                                                              
200045ac  resolvingList                                                             
200046ec  scanDataEntry                                                             
200047cc  wlTable                                                                   
200048a8  wlTableScan                                                               
20004a20  advCmd                                                                    
20004a68  localEccKeys                                                              
20004aac  initDataEntry                                                             
20004ae4  advDataEntry                                                              
20004b1c  l2capFixedChannels                                                        
20004b4c  linkCBs                                                                   
20004b7c  eccParams                                                                 
20004bac  initParam                                                                 
20004bd0  scanParam                                                                 
20004bf4  advParam                                                                  
20004c14  cryptoPRAND                                                               
20004c34  txModemTestCmd                                                            
20004c50  gapParams                                                                 
20004c6c  initCmd                                                                   
20004c84  connReqData                                                               
20004c9c  scanCmd                                                                   
20004cb4  scanOutput                                                                
20004ccc  trxTestCmd                                                                
20004ce4  rxModemTestCmd                                                            
20004cfc  rsp                                                                       
20004d14  fwParDtmCmd                                                               
20004d2c  rfSetup                                                                   
20004d44  fwParRfCmd                                                                
20004d5c  connOutput                                                                
20004d70  rxTestParam                                                               
20004d84  initDataQueue                                                             
20004d94  scanDataQueue                                                             
20004da4  advDataQueue                                                              
20004db4  advOutput                                                                 
20004dc4  txTestParam                                                               
20004dd4  initOutput                                                                
20004de0  rxTestOut                                                                 
20004dec  deviceFeatureSet                                                          
20004df8  cachedTRNGdata                                                            
20004e04  gapCurrentRandomAddr                                                      
20004e0c  slaveUpdateReq                                                            
20004e14  pBleEvtMask                                                               
20004e1c  pHciEvtMask                                                               
20004e24  pHciEvtMask2                                                              
20004e2c  ownPublicAddr                                                             
20004e34  ownRandomAddr                                                             
20004e3c  ownSavedPublicAddr                                                        
20004e44  fwImmedCmd                                                                
20004e4c  attServerNotifyTxCB                                                       
20004e50  rfEvent                                                                   
20004e58  fwParCmd                                                                  
20004e60  verInfo                                                                   
20004e68  llConns                                                                   
20004e70  fwParamImmedCmd                                                           
20004e78  privInfo                                                                  
20004e80  linkCmd                                                                   
20004e84  linkParam                                                                 
20004e88  rxDataQ                                                                   
20004e8c  txDataQ                                                                   
20004e90  rxRingBuf                                                                 
20004e94  txTestOut                                                                 
20004e98  pGapDiscReq                                                               
20004e9c  pGapAdvertState                                                           
20004ea0  pEstLink                                                                  
20004ea4  pAuthLink                                                                 
20004ea8  pfnCentralConnCBs                                                         
20004eac  pfnPeripheralConnCBs                                                      
20004eb0  pGapAdvTokens                                                             
20004eb4  pGapAdData                                                                
20004eb8  pGapScanRspData                                                           
20004ebc  pfnPeripheralCBs                                                          
20004ec0  pfnCentralCBs                                                             
20004ec4  pfnBondMgrCBs                                                             
20004ec8  serverInfoTbl                                                             
20004ecc  pServiceList                                                              
20004ed0  pfnServerProcessMsgCB                                                     
20004ed4  pfnClientProcessMsgCB                                                     
20004ed8  prepareWritesTbl                                                          
20004edc  serviceCBsList                                                            
20004ee0  pAttrValue                                                                
20004ee4  l2capChannels                                                             
20004ee8  linkDB                                                                    
20004eec  rfHandle                                                                  
20004ef0  rfDrvTblPtr                                                               
20004ef4  eccDrvTblPtr                                                              
20004ef8  cryptoDrvTblPtr                                                           
20004efc  trngDrvTblPtr                                                             
20004f00  activeConns                                                               
20004f04  SysBootMsg                                                                
20004f08  sclkSrc                                                                   
20004f0c  buildInfo                                                                 
20004f10  advInfo                                                                   
20004f14  scanInfo                                                                  
20004f18  initInfo                                                                  
20004f1c  dtmInfo                                                                   
20004f20  taskEndAction                                                             
20004f24  encParams                                                                 
20004f28  encHandle                                                                 
20004f2c  encKey                                                                    
20004f30  pPairingParams                                                            
20004f34  pfnResponderCBs                                                           
20004f38  pfnInitiatorCBs                                                           
20004f3c  gapLimitedAdvertisingTimeout                                              
20004f3e  attrLen                                                                   
20004f40  numHostBufs                                                               
20004f42  rfCmdHandle                                                               
20004f44  connInitialMaxTxOctets                                                    
20004f46  connInitialMaxTxTime                                                      
20004f48  supportedMaxTxOctets                                                      
20004f4a  supportedMaxTxTime                                                        
20004f4c  supportedMaxRxOctets                                                      
20004f4e  supportedMaxRxTime                                                        
20004f50  taskEndStatus                                                             
20004f52  postRfOperations                                                          
20004f54  rfCfgAdiVal                                                               
20004f58  gapProfileRole                                                            
20004f59  gapDeviceAddrMode                                                         
20004f5a  gapState                                                                  
20004f5b  terminateAllTaskID                                                        
20004f5c  terminateReason                                                           
20004f5d  gapTaskID                                                                 
20004f5e  gattNumConns                                                              
20004f5f  gattTaskID                                                                
20004f60  GATTServApp_TaskID                                                        
20004f61  maxNumPrepareWrites                                                       
20004f62  hciPTMenabled                                                             
20004f63  ctrlToHostEnable                                                          
20004f64  l2capFlowCtrlMode                                                         
20004f65  l2capTaskID                                                               
20004f66  l2capNumChannels                                                          
20004f67  l2capNumDataPkts                                                          
20004f68  l2capId                                                                   
20004f69  linkDBNumConns                                                            
20004f6a  linkDB_secureConnectionOnlyMode                                           
20004f6b  maxPduSize                                                                
20004f6c  rfFeModeBias                                                              
20004f6d  maxNumTxDataBufs                                                          
20004f6e  LL_TaskID                                                                 
20004f6f  llState                                                                   
20004f70  rssiCorrection                                                            
20004f71  curTxPowerVal                                                             
20004f72  maxTxPwrForDTM                                                            
20004f73  onePktPerEvt                                                              
20004f74  numComplPkts                                                              
20004f75  numComplPktsLimit                                                         
20004f76  numComplPktsFlush                                                         
20004f77  fastTxRespTime                                                            
20004f78  slOverride                                                                
20004f79  rxFifoFlowCtrl                                                            
20004f7a  numTxDataBufs                                                             
20004f7b  maxNumConns                                                               
20004f7c  smTaskID                                                                  
20004f7d  SM_appExpectingKey                                                        
20004f80  ECC_DATA$$Base                                                            
20004f80  eccRom_param_Gx                                                           
20004f84  eccRom_param_Gy                                                           
20004f88  eccRom_workzone                                                           
20004f8c  eccRom_param_p                                                            
20004f90  eccRom_param_r                                                            
20004f94  eccRom_param_a                                                            
20004f98  eccRom_param_b                                                            
20004f9c  eccRom_windowSize                                                         
20004fa0  aux64                                                                     
20004fa8  MOD                                                                       
20004fac  LEN                                                                       
20004fb0  inScalar                                                                  
20004fb4  inPointX                                                                  
20004fb8  inPointY                                                                  
20004fbc  outPointX                                                                 
20004fc0  outPointY                                                                 
20004fc4  SCAL                                                                      
20004fc8  EXPX                                                                      
20004fcc  EXPY                                                                      
20004fd0  EXPZ                                                                      
20004fd4  EXPW                                                                      
20004fd8  ACCX                                                                      
20004fdc  ACCY                                                                      
20004fe0  ACCZ                                                                      
20004fe4  TMP1                                                                      
20004fe8  TMP2                                                                      
20004fec  TMP3                                                                      
20004ff0  TMP4                                                                      
20004ff4  TMP5                                                                      
20004ff8  TMP6                                                                      
20004ffc  MSBMOD                                                                    
20005000  ECC_DATA$$Limit                                                           
20005000  __UNUSED_SRAM_end__                                                       
e000e000  ti_sysbios_family_arm_m3_Hwi_nvic                                         
ffffffff  __TI_pprof_out_hndl                                                       
ffffffff  __TI_prof_data_size                                                       
ffffffff  __TI_prof_data_start                                                      
ffffffff  __binit__                                                                 
ffffffff  __c_args__                                                                
ffffffff  binit                                                                     
UNDEFED   SHT$$INIT_ARRAY$$Base                                                     
UNDEFED   SHT$$INIT_ARRAY$$Limit                                                    

[2481 symbols]
